Product: MDK-ARM Standard 5.10
Component: ARM Compiler 5.04 update 1 (build 49)
Tool: armlink [5040049]

==============================================================================

Section Cross References

    stm32f10x_it.o(.text) refers to sdcard.o(.text) for SD_cardInit
    stm32f10x_it.o(.text) refers to stm32f10x_gpio.o(.text) for GPIO_ReadOutputDataBit
    stm32f10x_it.o(.text) refers to sim800.o(.text) for Gettime
    stm32f10x_it.o(.text) refers to 74165.o(.text) for ReadInput
    stm32f10x_it.o(.text) refers to log.o(.text) for writelog
    stm32f10x_it.o(.text) refers to stm32f10x_it.o(.data) for u32_timecount
    stm32f10x_it.o(.text) refers to main.o(.data) for datainn
    stm32f10x_it.o(.text) refers to stm32f10x_it.o(.bss) for s_mess
    stm32f10x_it.o(.text) refers to stm32f10x_exti.o(.text) for EXTI_GetITStatus
    stm32f10x_it.o(.text) refers to uartsoft.o(.text) for UART_Read
    main.o(.text) refers to sim800.o(.text) for sim800Init
    main.o(.text) refers to 74165.o(.text) for GPIO74165Init
    main.o(.text) refers to sdcard.o(.text) for SD_cardInit
    main.o(.text) refers to main.o(.data) for datainp
    main.o(.text) refers to system_stm32f10x.o(.data) for SystemCoreClock
    74165.o(.text) refers to stm32f10x_rcc.o(.text) for RCC_APB2PeriphClockCmd
    74165.o(.text) refers to stm32f10x_gpio.o(.text) for GPIO_Init
    ds1307.o(.text) refers to stm32f10x_rcc.o(.text) for RCC_APB2PeriphClockCmd
    ds1307.o(.text) refers to stm32f10x_gpio.o(.text) for GPIO_SetBits
    ff.o(.text) refers to sdcard.o(.text) for disk_write
    ff.o(.text) refers to ff.o(.data) for FatFs
    sdcard.o(.text) refers to stm32f10x_rcc.o(.text) for RCC_APB2PeriphClockCmd
    sdcard.o(.text) refers to stm32f10x_gpio.o(.text) for GPIO_Init
    sdcard.o(.text) refers to sdcard.o(.data) for Stat
    sdcard.o(.text) refers to rt_memclr_w.o(.text) for __aeabi_memclr4
    sdcard.o(.text) refers to strcat.o(.text) for strcat
    sdcard.o(.text) refers to ff.o(.text) for f_open
    sdcard.o(.text) refers to sdcard.o(.bss) for g_pcTmpBuf
    sim800.o(.text) refers to uartsoft.o(.text) for UART_Init
    sim800.o(.text) refers to stm32f10x_gpio.o(.text) for GPIO_SetBits
    sim800.o(.text) refers to sim800.o(.data) for u8_rxstatus
    sim800.o(.text) refers to sim800.o(.bss) for messagecmd
    sim800.o(.text) refers to main.o(.data) for TimeNow
    uartsoft.o(.text) refers to stm32f10x_rcc.o(.text) for RCC_APB2PeriphClockCmd
    uartsoft.o(.text) refers to stm32f10x_gpio.o(.text) for GPIO_Init
    uartsoft.o(.text) refers to stm32f10x_exti.o(.text) for EXTI_Init
    uartsoft.o(.text) refers to misc.o(.text) for NVIC_Init
    led_debug.o(.text) refers to stm32f10x_rcc.o(.text) for RCC_APB2PeriphClockCmd
    led_debug.o(.text) refers to stm32f10x_gpio.o(.text) for GPIO_Init
    led_debug.o(.text) refers to stm32f10x_exti.o(.text) for EXTI_Init
    led_debug.o(.text) refers to misc.o(.text) for NVIC_Init
    led_debug.o(.text) refers to led_debug.o(.constdata) for .constdata
    log.o(.text) refers to sdcard.o(.text) for SD_cardInit
    log.o(.text) refers to main.o(.data) for TimeNow
    log.o(.text) refers to log.o(.data) for numconver
    stm32f10x_gpio.o(.text) refers to stm32f10x_rcc.o(.text) for RCC_APB2PeriphResetCmd
    stm32f10x_rcc.o(.text) refers to stm32f10x_rcc.o(.data) for APBAHBPrescTable
    startup_stm32f10x_md.o(STACK) refers (Special) to heapauxi.o(.text) for __use_two_region_memory
    startup_stm32f10x_md.o(HEAP) refers (Special) to heapauxi.o(.text) for __use_two_region_memory
    startup_stm32f10x_md.o(RESET) refers (Special) to heapauxi.o(.text) for __use_two_region_memory
    startup_stm32f10x_md.o(RESET) refers to startup_stm32f10x_md.o(STACK) for __initial_sp
    startup_stm32f10x_md.o(RESET) refers to startup_stm32f10x_md.o(.text) for Reset_Handler
    startup_stm32f10x_md.o(RESET) refers to stm32f10x_it.o(.text) for NMI_Handler
    startup_stm32f10x_md.o(.text) refers (Special) to heapauxi.o(.text) for __use_two_region_memory
    startup_stm32f10x_md.o(.text) refers to system_stm32f10x.o(.text) for SystemInit
    startup_stm32f10x_md.o(.text) refers to __main.o(!!!main) for __main
    startup_stm32f10x_md.o(.text) refers to startup_stm32f10x_md.o(HEAP) for Heap_Mem
    startup_stm32f10x_md.o(.text) refers to startup_stm32f10x_md.o(STACK) for Stack_Mem
    system_stm32f10x.o(.text) refers to system_stm32f10x.o(.data) for SystemCoreClock
    __main.o(!!!main) refers to rtentry.o(.ARM.Collect$$rtentry$$00000000) for __rt_entry
    rtentry.o(.ARM.Collect$$rtentry$$00000000) refers (Special) to rtentry2.o(.ARM.Collect$$rtentry$$0000000A) for __rt_entry_li
    rtentry.o(.ARM.Collect$$rtentry$$00000000) refers (Special) to rtentry2.o(.ARM.Collect$$rtentry$$0000000D) for __rt_entry_main
    rtentry.o(.ARM.Collect$$rtentry$$00000000) refers (Special) to rtentry2.o(.ARM.Collect$$rtentry$$0000000C) for __rt_entry_postli_1
    rtentry.o(.ARM.Collect$$rtentry$$00000000) refers (Special) to rtentry2.o(.ARM.Collect$$rtentry$$00000009) for __rt_entry_postsh_1
    rtentry.o(.ARM.Collect$$rtentry$$00000000) refers (Special) to rtentry2.o(.ARM.Collect$$rtentry$$00000002) for __rt_entry_presh_1
    rtentry.o(.ARM.Collect$$rtentry$$00000000) refers (Special) to rtentry4.o(.ARM.Collect$$rtentry$$00000004) for __rt_entry_sh
    rtentry2.o(.ARM.Collect$$rtentry$$00000008) refers to boardinit2.o(.text) for _platform_post_stackheap_init
    rtentry2.o(.ARM.Collect$$rtentry$$0000000A) refers to libinit.o(.ARM.Collect$$libinit$$00000000) for __rt_lib_init
    rtentry2.o(.ARM.Collect$$rtentry$$0000000B) refers to boardinit3.o(.text) for _platform_post_lib_init
    rtentry2.o(.ARM.Collect$$rtentry$$0000000D) refers to main.o(.text) for main
    rtentry2.o(.ARM.Collect$$rtentry$$0000000D) refers to exit.o(.text) for exit
    rtentry2.o(.ARM.exidx) refers to rtentry2.o(.ARM.Collect$$rtentry$$00000001) for .ARM.Collect$$rtentry$$00000001
    rtentry2.o(.ARM.exidx) refers to rtentry2.o(.ARM.Collect$$rtentry$$00000008) for .ARM.Collect$$rtentry$$00000008
    rtentry2.o(.ARM.exidx) refers to rtentry2.o(.ARM.Collect$$rtentry$$0000000A) for .ARM.Collect$$rtentry$$0000000A
    rtentry2.o(.ARM.exidx) refers to rtentry2.o(.ARM.Collect$$rtentry$$0000000B) for .ARM.Collect$$rtentry$$0000000B
    rtentry2.o(.ARM.exidx) refers to rtentry2.o(.ARM.Collect$$rtentry$$0000000D) for .ARM.Collect$$rtentry$$0000000D
    rtentry4.o(.ARM.Collect$$rtentry$$00000004) refers to sys_stackheap_outer.o(.text) for __user_setup_stackheap
    rtentry4.o(.ARM.exidx) refers to rtentry4.o(.ARM.Collect$$rtentry$$00000004) for .ARM.Collect$$rtentry$$00000004
    sys_stackheap_outer.o(.text) refers to libspace.o(.text) for __user_perproc_libspace
    sys_stackheap_outer.o(.text) refers to startup_stm32f10x_md.o(.text) for __user_initial_stackheap
    exit.o(.text) refers to rtexit.o(.ARM.Collect$$rtexit$$00000000) for __rt_exit
    libinit.o(.ARM.Collect$$libinit$$00000000) refers (Special) to libinit2.o(.ARM.Collect$$libinit$$0000002C) for __rt_lib_init_alloca_1
    libinit.o(.ARM.Collect$$libinit$$00000000) refers (Special) to libinit2.o(.ARM.Collect$$libinit$$0000002A) for __rt_lib_init_argv_1
    libinit.o(.ARM.Collect$$libinit$$00000000) refers (Special) to libinit2.o(.ARM.Collect$$libinit$$00000019) for __rt_lib_init_atexit_1
    libinit.o(.ARM.Collect$$libinit$$00000000) refers (Special) to libinit2.o(.ARM.Collect$$libinit$$0000001F) for __rt_lib_init_clock_1
    libinit.o(.ARM.Collect$$libinit$$00000000) refers (Special) to libinit2.o(.ARM.Collect$$libinit$$00000030) for __rt_lib_init_cpp_1
    libinit.o(.ARM.Collect$$libinit$$00000000) refers (Special) to libinit2.o(.ARM.Collect$$libinit$$0000002E) for __rt_lib_init_exceptions_1
    libinit.o(.ARM.Collect$$libinit$$00000000) refers (Special) to libinit2.o(.ARM.Collect$$libinit$$00000002) for __rt_lib_init_fp_1
    libinit.o(.ARM.Collect$$libinit$$00000000) refers (Special) to libinit2.o(.ARM.Collect$$libinit$$0000001D) for __rt_lib_init_fp_trap_1
    libinit.o(.ARM.Collect$$libinit$$00000000) refers (Special) to libinit2.o(.ARM.Collect$$libinit$$00000021) for __rt_lib_init_getenv_1
    libinit.o(.ARM.Collect$$libinit$$00000000) refers (Special) to libinit2.o(.ARM.Collect$$libinit$$00000008) for __rt_lib_init_heap_1
    libinit.o(.ARM.Collect$$libinit$$00000000) refers (Special) to libinit2.o(.ARM.Collect$$libinit$$0000000F) for __rt_lib_init_lc_collate_1
    libinit.o(.ARM.Collect$$libinit$$00000000) refers (Special) to libinit2.o(.ARM.Collect$$libinit$$00000011) for __rt_lib_init_lc_ctype_1
    libinit.o(.ARM.Collect$$libinit$$00000000) refers (Special) to libinit2.o(.ARM.Collect$$libinit$$00000013) for __rt_lib_init_lc_monetary_1
    libinit.o(.ARM.Collect$$libinit$$00000000) refers (Special) to libinit2.o(.ARM.Collect$$libinit$$00000015) for __rt_lib_init_lc_numeric_1
    libinit.o(.ARM.Collect$$libinit$$00000000) refers (Special) to libinit2.o(.ARM.Collect$$libinit$$00000017) for __rt_lib_init_lc_time_1
    libinit.o(.ARM.Collect$$libinit$$00000000) refers (Special) to libinit2.o(.ARM.Collect$$libinit$$0000000C) for __rt_lib_init_rand_1
    libinit.o(.ARM.Collect$$libinit$$00000000) refers (Special) to libinit2.o(.ARM.Collect$$libinit$$00000031) for __rt_lib_init_return
    libinit.o(.ARM.Collect$$libinit$$00000000) refers (Special) to libinit2.o(.ARM.Collect$$libinit$$0000001B) for __rt_lib_init_signal_1
    libinit.o(.ARM.Collect$$libinit$$00000000) refers (Special) to libinit2.o(.ARM.Collect$$libinit$$00000023) for __rt_lib_init_stdio_1
    libinit.o(.ARM.Collect$$libinit$$00000000) refers (Special) to libinit2.o(.ARM.Collect$$libinit$$0000000A) for __rt_lib_init_user_alloc_1
    libspace.o(.text) refers to libspace.o(.bss) for __libspace_start
    rtexit.o(.ARM.Collect$$rtexit$$00000000) refers (Special) to rtexit2.o(.ARM.Collect$$rtexit$$00000004) for __rt_exit_exit
    rtexit.o(.ARM.Collect$$rtexit$$00000000) refers (Special) to rtexit2.o(.ARM.Collect$$rtexit$$00000003) for __rt_exit_ls
    rtexit.o(.ARM.Collect$$rtexit$$00000000) refers (Special) to rtexit2.o(.ARM.Collect$$rtexit$$00000002) for __rt_exit_prels_1
    rtexit.o(.ARM.exidx) refers (Special) to rtexit2.o(.ARM.Collect$$rtexit$$00000004) for __rt_exit_exit
    rtexit.o(.ARM.exidx) refers (Special) to rtexit2.o(.ARM.Collect$$rtexit$$00000003) for __rt_exit_ls
    rtexit.o(.ARM.exidx) refers (Special) to rtexit2.o(.ARM.Collect$$rtexit$$00000002) for __rt_exit_prels_1
    rtexit.o(.ARM.exidx) refers to rtexit.o(.ARM.Collect$$rtexit$$00000000) for .ARM.Collect$$rtexit$$00000000
    libinit2.o(.ARM.Collect$$libinit$$0000000E) refers to libinit2.o(.ARM.Collect$$libinit$$0000000D) for .ARM.Collect$$libinit$$0000000D
    libinit2.o(.ARM.Collect$$libinit$$00000010) refers to libinit2.o(.ARM.Collect$$libinit$$0000000D) for .ARM.Collect$$libinit$$0000000D
    libinit2.o(.ARM.Collect$$libinit$$00000012) refers to libinit2.o(.ARM.Collect$$libinit$$0000000D) for .ARM.Collect$$libinit$$0000000D
    libinit2.o(.ARM.Collect$$libinit$$00000014) refers to libinit2.o(.ARM.Collect$$libinit$$0000000D) for .ARM.Collect$$libinit$$0000000D
    libinit2.o(.ARM.Collect$$libinit$$00000016) refers to libinit2.o(.ARM.Collect$$libinit$$0000000D) for .ARM.Collect$$libinit$$0000000D
    libinit2.o(.ARM.Collect$$libinit$$00000024) refers to argv_veneer.o(.emb_text) for __ARM_argv_veneer
    libinit2.o(.ARM.Collect$$libinit$$00000025) refers to argv_veneer.o(.emb_text) for __ARM_argv_veneer
    rtexit2.o(.ARM.Collect$$rtexit$$00000003) refers to libshutdown.o(.ARM.Collect$$libshutdown$$00000000) for __rt_lib_shutdown
    rtexit2.o(.ARM.Collect$$rtexit$$00000004) refers to sys_exit.o(.text) for _sys_exit
    rtexit2.o(.ARM.exidx) refers to rtexit2.o(.ARM.Collect$$rtexit$$00000001) for .ARM.Collect$$rtexit$$00000001
    rtexit2.o(.ARM.exidx) refers to rtexit2.o(.ARM.Collect$$rtexit$$00000003) for .ARM.Collect$$rtexit$$00000003
    rtexit2.o(.ARM.exidx) refers to rtexit2.o(.ARM.Collect$$rtexit$$00000004) for .ARM.Collect$$rtexit$$00000004
    argv_veneer.o(.emb_text) refers to no_argv.o(.text) for __ARM_get_argv
    sys_exit.o(.text) refers (Special) to use_no_semi.o(.text) for __I$use$semihosting
    sys_exit.o(.text) refers (Special) to indicate_semi.o(.text) for __semihosting_library_function
    _get_argv_nomalloc.o(.text) refers (Special) to hrguard.o(.text) for __heap_region$guard
    _get_argv_nomalloc.o(.text) refers to defsig_rtmem_outer.o(.text) for __rt_SIGRTMEM
    _get_argv_nomalloc.o(.text) refers to sys_command.o(.text) for _sys_command_string
    libshutdown.o(.ARM.Collect$$libshutdown$$00000000) refers (Special) to libshutdown2.o(.ARM.Collect$$libshutdown$$00000006) for __rt_lib_shutdown_fp_trap_1
    libshutdown.o(.ARM.Collect$$libshutdown$$00000000) refers (Special) to libshutdown2.o(.ARM.Collect$$libshutdown$$0000000E) for __rt_lib_shutdown_heap_1
    libshutdown.o(.ARM.Collect$$libshutdown$$00000000) refers (Special) to libshutdown2.o(.ARM.Collect$$libshutdown$$0000000F) for __rt_lib_shutdown_return
    libshutdown.o(.ARM.Collect$$libshutdown$$00000000) refers (Special) to libshutdown2.o(.ARM.Collect$$libshutdown$$00000009) for __rt_lib_shutdown_signal_1
    libshutdown.o(.ARM.Collect$$libshutdown$$00000000) refers (Special) to libshutdown2.o(.ARM.Collect$$libshutdown$$00000003) for __rt_lib_shutdown_stdio_1
    libshutdown.o(.ARM.Collect$$libshutdown$$00000000) refers (Special) to libshutdown2.o(.ARM.Collect$$libshutdown$$0000000B) for __rt_lib_shutdown_user_alloc_1
    sys_command.o(.text) refers (Special) to use_no_semi.o(.text) for __I$use$semihosting
    sys_command.o(.text) refers (Special) to indicate_semi.o(.text) for __semihosting_library_function
    defsig_rtmem_outer.o(.text) refers to defsig_rtmem_inner.o(.text) for __rt_SIGRTMEM_inner
    defsig_rtmem_outer.o(.text) refers to defsig_exit.o(.text) for __sig_exit
    defsig_rtmem_formal.o(.text) refers to rt_raise.o(.text) for __rt_raise
    rt_raise.o(.text) refers to __raise.o(.text) for __raise
    rt_raise.o(.text) refers to sys_exit.o(.text) for _sys_exit
    defsig_exit.o(.text) refers to sys_exit.o(.text) for _sys_exit
    defsig_rtmem_inner.o(.text) refers to defsig_general.o(.text) for __default_signal_display
    __raise.o(.text) refers to defsig.o(CL$$defsig) for __default_signal_handler
    defsig_general.o(.text) refers to sys_wrch.o(.text) for _ttywrch
    sys_wrch.o(.text) refers (Special) to use_no_semi.o(.text) for __I$use$semihosting
    sys_wrch.o(.text) refers (Special) to indicate_semi.o(.text) for __semihosting_library_function
    defsig.o(CL$$defsig) refers to defsig_rtmem_inner.o(.text) for __rt_SIGRTMEM_inner
    defsig_abrt_inner.o(.text) refers to defsig_general.o(.text) for __default_signal_display
    defsig_fpe_inner.o(.text) refers to defsig_general.o(.text) for __default_signal_display
    defsig_rtred_inner.o(.text) refers to defsig_general.o(.text) for __default_signal_display
    defsig_stak_inner.o(.text) refers to defsig_general.o(.text) for __default_signal_display
    defsig_pvfn_inner.o(.text) refers to defsig_general.o(.text) for __default_signal_display
    defsig_cppl_inner.o(.text) refers to defsig_general.o(.text) for __default_signal_display
    defsig_segv_inner.o(.text) refers to defsig_general.o(.text) for __default_signal_display
    defsig_other.o(.text) refers to defsig_general.o(.text) for __default_signal_display


==============================================================================

Removing Unused input sections from the image.

    Removing stm32f10x_it.o(.rev16_text), (4 bytes).
    Removing stm32f10x_it.o(.revsh_text), (4 bytes).
    Removing main.o(.rev16_text), (4 bytes).
    Removing main.o(.revsh_text), (4 bytes).
    Removing 74165.o(.rev16_text), (4 bytes).
    Removing 74165.o(.revsh_text), (4 bytes).
    Removing ds1307.o(.rev16_text), (4 bytes).
    Removing ds1307.o(.revsh_text), (4 bytes).
    Removing ds1307.o(.text), (624 bytes).
    Removing sdcard.o(.rev16_text), (4 bytes).
    Removing sdcard.o(.revsh_text), (4 bytes).
    Removing sim800.o(.rev16_text), (4 bytes).
    Removing sim800.o(.revsh_text), (4 bytes).
    Removing uartsoft.o(.rev16_text), (4 bytes).
    Removing uartsoft.o(.revsh_text), (4 bytes).
    Removing led_debug.o(.rev16_text), (4 bytes).
    Removing led_debug.o(.revsh_text), (4 bytes).
    Removing led_debug.o(.text), (136 bytes).
    Removing led_debug.o(.constdata), (4 bytes).
    Removing log.o(.rev16_text), (4 bytes).
    Removing log.o(.revsh_text), (4 bytes).
    Removing misc.o(.rev16_text), (4 bytes).
    Removing misc.o(.revsh_text), (4 bytes).
    Removing stm32f10x_exti.o(.rev16_text), (4 bytes).
    Removing stm32f10x_exti.o(.revsh_text), (4 bytes).
    Removing stm32f10x_gpio.o(.rev16_text), (4 bytes).
    Removing stm32f10x_gpio.o(.revsh_text), (4 bytes).
    Removing stm32f10x_rcc.o(.rev16_text), (4 bytes).
    Removing stm32f10x_rcc.o(.revsh_text), (4 bytes).
    Removing system_stm32f10x.o(.rev16_text), (4 bytes).
    Removing system_stm32f10x.o(.revsh_text), (4 bytes).

31 unused section(s) (total 876 bytes) removed from the image.

==============================================================================

Image Symbol Table

    Local Symbols

    Symbol Name                              Value     Ov Type        Size  Object(Section)

    ../clib/angel/boardlib.s                 0x00000000   Number         0  boardshut.o ABSOLUTE
    ../clib/angel/boardlib.s                 0x00000000   Number         0  boardinit1.o ABSOLUTE
    ../clib/angel/boardlib.s                 0x00000000   Number         0  boardinit2.o ABSOLUTE
    ../clib/angel/boardlib.s                 0x00000000   Number         0  boardinit3.o ABSOLUTE
    ../clib/angel/dclz77c.s                  0x00000000   Number         0  __dclz77c.o ABSOLUTE
    ../clib/angel/handlers.s                 0x00000000   Number         0  __scatter_zi.o ABSOLUTE
    ../clib/angel/kernel.s                   0x00000000   Number         0  rtexit2.o ABSOLUTE
    ../clib/angel/kernel.s                   0x00000000   Number         0  rtentry.o ABSOLUTE
    ../clib/angel/kernel.s                   0x00000000   Number         0  rtentry4.o ABSOLUTE
    ../clib/angel/kernel.s                   0x00000000   Number         0  rtentry2.o ABSOLUTE
    ../clib/angel/kernel.s                   0x00000000   Number         0  rtexit.o ABSOLUTE
    ../clib/angel/rt.s                       0x00000000   Number         0  rt_raise.o ABSOLUTE
    ../clib/angel/scatter.s                  0x00000000   Number         0  __scatter.o ABSOLUTE
    ../clib/angel/startup.s                  0x00000000   Number         0  __main.o ABSOLUTE
    ../clib/angel/sys.s                      0x00000000   Number         0  sys_stackheap_outer.o ABSOLUTE
    ../clib/angel/sys.s                      0x00000000   Number         0  use_no_semi.o ABSOLUTE
    ../clib/angel/sys.s                      0x00000000   Number         0  libspace.o ABSOLUTE
    ../clib/angel/sys.s                      0x00000000   Number         0  indicate_semi.o ABSOLUTE
    ../clib/angel/sysapp.c                   0x00000000   Number         0  sys_wrch.o ABSOLUTE
    ../clib/angel/sysapp.c                   0x00000000   Number         0  sys_exit.o ABSOLUTE
    ../clib/angel/sysapp.c                   0x00000000   Number         0  sys_command.o ABSOLUTE
    ../clib/armsys.c                         0x00000000   Number         0  no_argv.o ABSOLUTE
    ../clib/armsys.c                         0x00000000   Number         0  _get_argv_nomalloc.o ABSOLUTE
    ../clib/armsys.c                         0x00000000   Number         0  argv_veneer.o ABSOLUTE
    ../clib/armsys.c                         0x00000000   Number         0  argv_veneer.o ABSOLUTE
    ../clib/heapalloc.c                      0x00000000   Number         0  hrguard.o ABSOLUTE
    ../clib/heapaux.c                        0x00000000   Number         0  heapauxi.o ABSOLUTE
    ../clib/libinit.s                        0x00000000   Number         0  libinit2.o ABSOLUTE
    ../clib/libinit.s                        0x00000000   Number         0  libshutdown.o ABSOLUTE
    ../clib/libinit.s                        0x00000000   Number         0  libinit.o ABSOLUTE
    ../clib/libinit.s                        0x00000000   Number         0  libshutdown2.o ABSOLUTE
    ../clib/memcpset.s                       0x00000000   Number         0  rt_memclr_w.o ABSOLUTE
    ../clib/signal.c                         0x00000000   Number         0  defsig_pvfn_inner.o ABSOLUTE
    ../clib/signal.c                         0x00000000   Number         0  defsig_other.o ABSOLUTE
    ../clib/signal.c                         0x00000000   Number         0  defsig_general.o ABSOLUTE
    ../clib/signal.c                         0x00000000   Number         0  defsig_cppl_inner.o ABSOLUTE
    ../clib/signal.c                         0x00000000   Number         0  defsig_abrt_inner.o ABSOLUTE
    ../clib/signal.c                         0x00000000   Number         0  defsig_segv_inner.o ABSOLUTE
    ../clib/signal.c                         0x00000000   Number         0  defsig_stak_inner.o ABSOLUTE
    ../clib/signal.c                         0x00000000   Number         0  defsig_rtred_inner.o ABSOLUTE
    ../clib/signal.c                         0x00000000   Number         0  defsig_fpe_inner.o ABSOLUTE
    ../clib/signal.c                         0x00000000   Number         0  defsig_exit.o ABSOLUTE
    ../clib/signal.c                         0x00000000   Number         0  defsig_rtmem_outer.o ABSOLUTE
    ../clib/signal.c                         0x00000000   Number         0  defsig_rtmem_formal.o ABSOLUTE
    ../clib/signal.c                         0x00000000   Number         0  __raise.o ABSOLUTE
    ../clib/signal.c                         0x00000000   Number         0  defsig_rtmem_inner.o ABSOLUTE
    ../clib/signal.s                         0x00000000   Number         0  defsig.o ABSOLUTE
    ../clib/stdlib.c                         0x00000000   Number         0  exit.o ABSOLUTE
    ../clib/string.c                         0x00000000   Number         0  strcat.o ABSOLUTE
    ../fplib/fpinit.s                        0x00000000   Number         0  fpinit.o ABSOLUTE
    C:\Keil_v5\ARM\PACK\Keil\STM32F1xx_DFP\2.1.0\Device\StdPeriph_Driver\src\misc.c 0x00000000   Number         0  misc.o ABSOLUTE
    C:\Keil_v5\ARM\PACK\Keil\STM32F1xx_DFP\2.1.0\Device\StdPeriph_Driver\src\stm32f10x_exti.c 0x00000000   Number         0  stm32f10x_exti.o ABSOLUTE
    C:\Keil_v5\ARM\PACK\Keil\STM32F1xx_DFP\2.1.0\Device\StdPeriph_Driver\src\stm32f10x_gpio.c 0x00000000   Number         0  stm32f10x_gpio.o ABSOLUTE
    C:\Keil_v5\ARM\PACK\Keil\STM32F1xx_DFP\2.1.0\Device\StdPeriph_Driver\src\stm32f10x_rcc.c 0x00000000   Number         0  stm32f10x_rcc.o ABSOLUTE
    C:\\Keil_v5\\ARM\\PACK\\Keil\\STM32F1xx_DFP\\2.1.0\\Device\\StdPeriph_Driver\\src\\misc.c 0x00000000   Number         0  misc.o ABSOLUTE
    C:\\Keil_v5\\ARM\\PACK\\Keil\\STM32F1xx_DFP\\2.1.0\\Device\\StdPeriph_Driver\\src\\stm32f10x_exti.c 0x00000000   Number         0  stm32f10x_exti.o ABSOLUTE
    C:\\Keil_v5\\ARM\\PACK\\Keil\\STM32F1xx_DFP\\2.1.0\\Device\\StdPeriph_Driver\\src\\stm32f10x_gpio.c 0x00000000   Number         0  stm32f10x_gpio.o ABSOLUTE
    C:\\Keil_v5\\ARM\\PACK\\Keil\\STM32F1xx_DFP\\2.1.0\\Device\\StdPeriph_Driver\\src\\stm32f10x_rcc.c 0x00000000   Number         0  stm32f10x_rcc.o ABSOLUTE
    RTE\Device\STM32F103C8\startup_stm32f10x_md.s 0x00000000   Number         0  startup_stm32f10x_md.o ABSOLUTE
    RTE\Device\STM32F103C8\system_stm32f10x.c 0x00000000   Number         0  system_stm32f10x.o ABSOLUTE
    RTE\\Device\\STM32F103C8\\system_stm32f10x.c 0x00000000   Number         0  system_stm32f10x.o ABSOLUTE
    dc.s                                     0x00000000   Number         0  dc.o ABSOLUTE
    function\74165.c                         0x00000000   Number         0  74165.o ABSOLUTE
    function\DS1307.c                        0x00000000   Number         0  ds1307.o ABSOLUTE
    function\\74165.c                        0x00000000   Number         0  74165.o ABSOLUTE
    function\\DS1307.c                       0x00000000   Number         0  ds1307.o ABSOLUTE
    function\\led_debug.c                    0x00000000   Number         0  led_debug.o ABSOLUTE
    function\\log.c                          0x00000000   Number         0  log.o ABSOLUTE
    function\\sdcard.c                       0x00000000   Number         0  sdcard.o ABSOLUTE
    function\\sim800.c                       0x00000000   Number         0  sim800.o ABSOLUTE
    function\\uartsoft.c                     0x00000000   Number         0  uartsoft.o ABSOLUTE
    function\ff.c                            0x00000000   Number         0  ff.o ABSOLUTE
    function\led_debug.c                     0x00000000   Number         0  led_debug.o ABSOLUTE
    function\log.c                           0x00000000   Number         0  log.o ABSOLUTE
    function\sdcard.c                        0x00000000   Number         0  sdcard.o ABSOLUTE
    function\sim800.c                        0x00000000   Number         0  sim800.o ABSOLUTE
    function\uartsoft.c                      0x00000000   Number         0  uartsoft.o ABSOLUTE
    main.c                                   0x00000000   Number         0  main.o ABSOLUTE
    main.c                                   0x00000000   Number         0  main.o ABSOLUTE
    stm32f10x_it.c                           0x00000000   Number         0  stm32f10x_it.o ABSOLUTE
    stm32f10x_it.c                           0x00000000   Number         0  stm32f10x_it.o ABSOLUTE
    RESET                                    0x08000000   Section      236  startup_stm32f10x_md.o(RESET)
    !!!main                                  0x080000ec   Section        8  __main.o(!!!main)
    !!!scatter                               0x080000f4   Section       52  __scatter.o(!!!scatter)
    !!dclz77c                                0x08000128   Section      100  __dclz77c.o(!!dclz77c)
    !!handler_zi                             0x0800018c   Section       28  __scatter_zi.o(!!handler_zi)
    .ARM.Collect$$libinit$$00000000          0x080001a8   Section        2  libinit.o(.ARM.Collect$$libinit$$00000000)
    .ARM.Collect$$libinit$$00000002          0x080001aa   Section        0  libinit2.o(.ARM.Collect$$libinit$$00000002)
    .ARM.Collect$$libinit$$00000008          0x080001aa   Section        0  libinit2.o(.ARM.Collect$$libinit$$00000008)
    .ARM.Collect$$libinit$$0000000A          0x080001aa   Section        0  libinit2.o(.ARM.Collect$$libinit$$0000000A)
    .ARM.Collect$$libinit$$0000000C          0x080001aa   Section        0  libinit2.o(.ARM.Collect$$libinit$$0000000C)
    .ARM.Collect$$libinit$$0000000F          0x080001aa   Section        0  libinit2.o(.ARM.Collect$$libinit$$0000000F)
    .ARM.Collect$$libinit$$00000011          0x080001aa   Section        0  libinit2.o(.ARM.Collect$$libinit$$00000011)
    .ARM.Collect$$libinit$$00000013          0x080001aa   Section        0  libinit2.o(.ARM.Collect$$libinit$$00000013)
    .ARM.Collect$$libinit$$00000015          0x080001aa   Section        0  libinit2.o(.ARM.Collect$$libinit$$00000015)
    .ARM.Collect$$libinit$$00000017          0x080001aa   Section        0  libinit2.o(.ARM.Collect$$libinit$$00000017)
    .ARM.Collect$$libinit$$00000019          0x080001aa   Section        0  libinit2.o(.ARM.Collect$$libinit$$00000019)
    .ARM.Collect$$libinit$$0000001B          0x080001aa   Section        0  libinit2.o(.ARM.Collect$$libinit$$0000001B)
    .ARM.Collect$$libinit$$0000001D          0x080001aa   Section        0  libinit2.o(.ARM.Collect$$libinit$$0000001D)
    .ARM.Collect$$libinit$$0000001F          0x080001aa   Section        0  libinit2.o(.ARM.Collect$$libinit$$0000001F)
    .ARM.Collect$$libinit$$00000021          0x080001aa   Section        0  libinit2.o(.ARM.Collect$$libinit$$00000021)
    .ARM.Collect$$libinit$$00000023          0x080001aa   Section        0  libinit2.o(.ARM.Collect$$libinit$$00000023)
    .ARM.Collect$$libinit$$0000002A          0x080001aa   Section        0  libinit2.o(.ARM.Collect$$libinit$$0000002A)
    .ARM.Collect$$libinit$$0000002C          0x080001aa   Section        0  libinit2.o(.ARM.Collect$$libinit$$0000002C)
    .ARM.Collect$$libinit$$0000002E          0x080001aa   Section        0  libinit2.o(.ARM.Collect$$libinit$$0000002E)
    .ARM.Collect$$libinit$$00000030          0x080001aa   Section        0  libinit2.o(.ARM.Collect$$libinit$$00000030)
    .ARM.Collect$$libinit$$00000031          0x080001aa   Section        2  libinit2.o(.ARM.Collect$$libinit$$00000031)
    .ARM.Collect$$libshutdown$$00000000      0x080001ac   Section        2  libshutdown.o(.ARM.Collect$$libshutdown$$00000000)
    .ARM.Collect$$libshutdown$$00000003      0x080001ae   Section        0  libshutdown2.o(.ARM.Collect$$libshutdown$$00000003)
    .ARM.Collect$$libshutdown$$00000006      0x080001ae   Section        0  libshutdown2.o(.ARM.Collect$$libshutdown$$00000006)
    .ARM.Collect$$libshutdown$$00000009      0x080001ae   Section        0  libshutdown2.o(.ARM.Collect$$libshutdown$$00000009)
    .ARM.Collect$$libshutdown$$0000000B      0x080001ae   Section        0  libshutdown2.o(.ARM.Collect$$libshutdown$$0000000B)
    .ARM.Collect$$libshutdown$$0000000E      0x080001ae   Section        0  libshutdown2.o(.ARM.Collect$$libshutdown$$0000000E)
    .ARM.Collect$$libshutdown$$0000000F      0x080001ae   Section        2  libshutdown2.o(.ARM.Collect$$libshutdown$$0000000F)
    .ARM.Collect$$rtentry$$00000000          0x080001b0   Section        0  rtentry.o(.ARM.Collect$$rtentry$$00000000)
    .ARM.Collect$$rtentry$$00000002          0x080001b0   Section        0  rtentry2.o(.ARM.Collect$$rtentry$$00000002)
    .ARM.Collect$$rtentry$$00000004          0x080001b0   Section        6  rtentry4.o(.ARM.Collect$$rtentry$$00000004)
    .ARM.Collect$$rtentry$$00000009          0x080001b6   Section        0  rtentry2.o(.ARM.Collect$$rtentry$$00000009)
    .ARM.Collect$$rtentry$$0000000A          0x080001b6   Section        4  rtentry2.o(.ARM.Collect$$rtentry$$0000000A)
    .ARM.Collect$$rtentry$$0000000C          0x080001ba   Section        0  rtentry2.o(.ARM.Collect$$rtentry$$0000000C)
    .ARM.Collect$$rtentry$$0000000D          0x080001ba   Section        8  rtentry2.o(.ARM.Collect$$rtentry$$0000000D)
    .ARM.Collect$$rtexit$$00000000           0x080001c2   Section        2  rtexit.o(.ARM.Collect$$rtexit$$00000000)
    .ARM.Collect$$rtexit$$00000002           0x080001c4   Section        0  rtexit2.o(.ARM.Collect$$rtexit$$00000002)
    .ARM.Collect$$rtexit$$00000003           0x080001c4   Section        4  rtexit2.o(.ARM.Collect$$rtexit$$00000003)
    .ARM.Collect$$rtexit$$00000004           0x080001c8   Section        6  rtexit2.o(.ARM.Collect$$rtexit$$00000004)
    .text                                    0x080001d0   Section        0  stm32f10x_it.o(.text)
    .text                                    0x08000a24   Section        0  main.o(.text)
    .text                                    0x08000a9c   Section        0  74165.o(.text)
    .text                                    0x08000be4   Section        0  ff.o(.text)
    mem_cpy                                  0x08000be5   Thumb Code    26  ff.o(.text)
    mem_set                                  0x08000bff   Thumb Code    20  ff.o(.text)
    mem_cmp                                  0x08000c13   Thumb Code    38  ff.o(.text)
    chk_chr                                  0x08000c39   Thumb Code    20  ff.o(.text)
    sync_window                              0x08000c4d   Thumb Code    82  ff.o(.text)
    move_window                              0x08000c9f   Thumb Code    50  ff.o(.text)
    sync_fs                                  0x08000cd1   Thumb Code   200  ff.o(.text)
    remove_chain                             0x08000fcd   Thumb Code   104  ff.o(.text)
    create_chain                             0x08001035   Thumb Code   202  ff.o(.text)
    dir_sdi                                  0x080010ff   Thumb Code   156  ff.o(.text)
    dir_next                                 0x0800119b   Thumb Code   276  ff.o(.text)
    dir_alloc                                0x080012af   Thumb Code    86  ff.o(.text)
    ld_clust                                 0x08001305   Thumb Code    32  ff.o(.text)
    st_clust                                 0x08001325   Thumb Code    16  ff.o(.text)
    dir_find                                 0x08001335   Thumb Code    92  ff.o(.text)
    dir_read                                 0x08001391   Thumb Code   110  ff.o(.text)
    dir_register                             0x080013ff   Thumb Code    58  ff.o(.text)
    dir_remove                               0x08001439   Thumb Code    44  ff.o(.text)
    create_name                              0x08001465   Thumb Code   336  ff.o(.text)
    get_fileinfo                             0x080015b5   Thumb Code   152  ff.o(.text)
    follow_path                              0x0800164d   Thumb Code   146  ff.o(.text)
    check_fs                                 0x080016df   Thumb Code   138  ff.o(.text)
    chk_mounted                              0x08001769   Thumb Code   936  ff.o(.text)
    validate                                 0x08001b11   Thumb Code    54  ff.o(.text)
    .text                                    0x08002990   Section        0  sdcard.o(.text)
    .text                                    0x080032e8   Section        0  sim800.o(.text)
    .text                                    0x08003c04   Section        0  uartsoft.o(.text)
    .text                                    0x08003ee4   Section        0  log.o(.text)
    .text                                    0x080040bc   Section        0  misc.o(.text)
    .text                                    0x08004198   Section        0  stm32f10x_exti.o(.text)
    .text                                    0x080042b4   Section        0  stm32f10x_gpio.o(.text)
    .text                                    0x08004610   Section        0  stm32f10x_rcc.o(.text)
    .text                                    0x080049b4   Section       64  startup_stm32f10x_md.o(.text)
    .text                                    0x080049f4   Section        0  system_stm32f10x.o(.text)
    SetSysClockTo72                          0x080049f5   Thumb Code   214  system_stm32f10x.o(.text)
    SetSysClock                              0x08004acb   Thumb Code     8  system_stm32f10x.o(.text)
    .text                                    0x08004bd4   Section        0  strcat.o(.text)
    .text                                    0x08004bec   Section       78  rt_memclr_w.o(.text)
    .text                                    0x08004c3a   Section        0  heapauxi.o(.text)
    .text                                    0x08004c40   Section       74  sys_stackheap_outer.o(.text)
    .text                                    0x08004c8a   Section        0  exit.o(.text)
    .text                                    0x08004c98   Section        8  libspace.o(.text)
    .text                                    0x08004ca0   Section        0  sys_exit.o(.text)
    .text                                    0x08004cac   Section        2  use_no_semi.o(.text)
    .text                                    0x08004cae   Section        0  indicate_semi.o(.text)
    .data                                    0x20000000   Section      368  stm32f10x_it.o(.data)
    .data                                    0x20000170   Section       16  main.o(.data)
    .data                                    0x20000180   Section        6  ff.o(.data)
    FatFs                                    0x20000180   Data           4  ff.o(.data)
    Fsid                                     0x20000184   Data           2  ff.o(.data)
    .data                                    0x20000188   Section       13  sdcard.o(.data)
    Stat                                     0x20000188   Data           1  sdcard.o(.data)
    Timer1                                   0x2000018c   Data           4  sdcard.o(.data)
    Timer2                                   0x20000190   Data           4  sdcard.o(.data)
    CardType                                 0x20000194   Data           1  sdcard.o(.data)
    .data                                    0x20000195   Section        3  sim800.o(.data)
    simstatus                                0x20000195   Data           1  sim800.o(.data)
    .data                                    0x20000198   Section       18  log.o(.data)
    .data                                    0x200001aa   Section       20  stm32f10x_rcc.o(.data)
    APBAHBPrescTable                         0x200001aa   Data          16  stm32f10x_rcc.o(.data)
    ADCPrescTable                            0x200001ba   Data           4  stm32f10x_rcc.o(.data)
    .data                                    0x200001c0   Section       20  system_stm32f10x.o(.data)
    .bss                                     0x200001d4   Section      700  stm32f10x_it.o(.bss)
    .bss                                     0x20000490   Section     1324  sdcard.o(.bss)
    g_sFatFs                                 0x20000490   Data         564  sdcard.o(.bss)
    g_sDirObject                             0x200006c4   Data          28  sdcard.o(.bss)
    g_sFileInfo                              0x200006e0   Data          24  sdcard.o(.bss)
    g_sFileObject                            0x200006f8   Data         548  sdcard.o(.bss)
    g_pcTmpBuf                               0x2000091c   Data          80  sdcard.o(.bss)
    g_pcTmpBuf                               0x2000096c   Data          80  sdcard.o(.bss)
    .bss                                     0x200009bc   Section      120  sim800.o(.bss)
    .bss                                     0x20000a34   Section       96  libspace.o(.bss)
    HEAP                                     0x20000a98   Section      512  startup_stm32f10x_md.o(HEAP)
    Heap_Mem                                 0x20000a98   Data         512  startup_stm32f10x_md.o(HEAP)
    STACK                                    0x20000c98   Section     1024  startup_stm32f10x_md.o(STACK)
    Stack_Mem                                0x20000c98   Data        1024  startup_stm32f10x_md.o(STACK)
    __initial_sp                             0x20001098   Data           0  startup_stm32f10x_md.o(STACK)

    Global Symbols

    Symbol Name                              Value     Ov Type        Size  Object(Section)

    BuildAttributes$$THM_ISAv4$P$D$K$B$S$PE$A:L22UL41UL21$X:L11$S22US41US21$IEEE1$IW$USESV6$~STKCKD$USESV7$~SHL$OSPACE$ROPI$EBA8$UX$STANDARDLIB$REQ8$PRES8$EABIv2 0x00000000   Number         0  anon$$obj.o ABSOLUTE
    __ARM_use_no_argv                        0x00000000   Number         0  main.o ABSOLUTE
    __ARM_exceptions_init                     - Undefined Weak Reference
    __alloca_initialize                       - Undefined Weak Reference
    __cpp_initialize__aeabi_                  - Undefined Weak Reference
    __cxa_finalize                            - Undefined Weak Reference
    __rt_locale                               - Undefined Weak Reference
    __sigvec_lookup                           - Undefined Weak Reference
    _atexit_init                              - Undefined Weak Reference
    _call_atexit_fns                          - Undefined Weak Reference
    _clock_init                               - Undefined Weak Reference
    _fp_trap_init                             - Undefined Weak Reference
    _fp_trap_shutdown                         - Undefined Weak Reference
    _get_lc_collate                           - Undefined Weak Reference
    _get_lc_ctype                             - Undefined Weak Reference
    _get_lc_monetary                          - Undefined Weak Reference
    _get_lc_numeric                           - Undefined Weak Reference
    _get_lc_time                              - Undefined Weak Reference
    _getenv_init                              - Undefined Weak Reference
    _handle_redirection                       - Undefined Weak Reference
    _init_alloc                               - Undefined Weak Reference
    _init_user_alloc                          - Undefined Weak Reference
    _initio                                   - Undefined Weak Reference
    _rand_init                                - Undefined Weak Reference
    _signal_finish                            - Undefined Weak Reference
    _signal_init                              - Undefined Weak Reference
    _terminate_alloc                          - Undefined Weak Reference
    _terminate_user_alloc                     - Undefined Weak Reference
    _terminateio                              - Undefined Weak Reference
    __Vectors_Size                           0x000000ec   Number         0  startup_stm32f10x_md.o ABSOLUTE
    __Vectors                                0x08000000   Data           4  startup_stm32f10x_md.o(RESET)
    __Vectors_End                            0x080000ec   Data           0  startup_stm32f10x_md.o(RESET)
    __main                                   0x080000ed   Thumb Code     8  __main.o(!!!main)
    __scatterload                            0x080000f5   Thumb Code     0  __scatter.o(!!!scatter)
    __scatterload_rt2                        0x080000f5   Thumb Code    44  __scatter.o(!!!scatter)
    __scatterload_rt2_thumb_only             0x080000f5   Thumb Code     0  __scatter.o(!!!scatter)
    __scatterload_null                       0x08000103   Thumb Code     0  __scatter.o(!!!scatter)
    __decompress                             0x08000129   Thumb Code   100  __dclz77c.o(!!dclz77c)
    __decompress2                            0x08000129   Thumb Code     0  __dclz77c.o(!!dclz77c)
    __scatterload_zeroinit                   0x0800018d   Thumb Code    28  __scatter_zi.o(!!handler_zi)
    __rt_lib_init                            0x080001a9   Thumb Code     0  libinit.o(.ARM.Collect$$libinit$$00000000)
    __rt_lib_init_alloca_1                   0x080001ab   Thumb Code     0  libinit2.o(.ARM.Collect$$libinit$$0000002C)
    __rt_lib_init_argv_1                     0x080001ab   Thumb Code     0  libinit2.o(.ARM.Collect$$libinit$$0000002A)
    __rt_lib_init_atexit_1                   0x080001ab   Thumb Code     0  libinit2.o(.ARM.Collect$$libinit$$00000019)
    __rt_lib_init_clock_1                    0x080001ab   Thumb Code     0  libinit2.o(.ARM.Collect$$libinit$$0000001F)
    __rt_lib_init_cpp_1                      0x080001ab   Thumb Code     0  libinit2.o(.ARM.Collect$$libinit$$00000030)
    __rt_lib_init_exceptions_1               0x080001ab   Thumb Code     0  libinit2.o(.ARM.Collect$$libinit$$0000002E)
    __rt_lib_init_fp_1                       0x080001ab   Thumb Code     0  libinit2.o(.ARM.Collect$$libinit$$00000002)
    __rt_lib_init_fp_trap_1                  0x080001ab   Thumb Code     0  libinit2.o(.ARM.Collect$$libinit$$0000001D)
    __rt_lib_init_getenv_1                   0x080001ab   Thumb Code     0  libinit2.o(.ARM.Collect$$libinit$$00000021)
    __rt_lib_init_heap_1                     0x080001ab   Thumb Code     0  libinit2.o(.ARM.Collect$$libinit$$00000008)
    __rt_lib_init_lc_collate_1               0x080001ab   Thumb Code     0  libinit2.o(.ARM.Collect$$libinit$$0000000F)
    __rt_lib_init_lc_ctype_1                 0x080001ab   Thumb Code     0  libinit2.o(.ARM.Collect$$libinit$$00000011)
    __rt_lib_init_lc_monetary_1              0x080001ab   Thumb Code     0  libinit2.o(.ARM.Collect$$libinit$$00000013)
    __rt_lib_init_lc_numeric_1               0x080001ab   Thumb Code     0  libinit2.o(.ARM.Collect$$libinit$$00000015)
    __rt_lib_init_lc_time_1                  0x080001ab   Thumb Code     0  libinit2.o(.ARM.Collect$$libinit$$00000017)
    __rt_lib_init_rand_1                     0x080001ab   Thumb Code     0  libinit2.o(.ARM.Collect$$libinit$$0000000C)
    __rt_lib_init_return                     0x080001ab   Thumb Code     0  libinit2.o(.ARM.Collect$$libinit$$00000031)
    __rt_lib_init_signal_1                   0x080001ab   Thumb Code     0  libinit2.o(.ARM.Collect$$libinit$$0000001B)
    __rt_lib_init_stdio_1                    0x080001ab   Thumb Code     0  libinit2.o(.ARM.Collect$$libinit$$00000023)
    __rt_lib_init_user_alloc_1               0x080001ab   Thumb Code     0  libinit2.o(.ARM.Collect$$libinit$$0000000A)
    __rt_lib_shutdown                        0x080001ad   Thumb Code     0  libshutdown.o(.ARM.Collect$$libshutdown$$00000000)
    __rt_lib_shutdown_fp_trap_1              0x080001af   Thumb Code     0  libshutdown2.o(.ARM.Collect$$libshutdown$$00000006)
    __rt_lib_shutdown_heap_1                 0x080001af   Thumb Code     0  libshutdown2.o(.ARM.Collect$$libshutdown$$0000000E)
    __rt_lib_shutdown_return                 0x080001af   Thumb Code     0  libshutdown2.o(.ARM.Collect$$libshutdown$$0000000F)
    __rt_lib_shutdown_signal_1               0x080001af   Thumb Code     0  libshutdown2.o(.ARM.Collect$$libshutdown$$00000009)
    __rt_lib_shutdown_stdio_1                0x080001af   Thumb Code     0  libshutdown2.o(.ARM.Collect$$libshutdown$$00000003)
    __rt_lib_shutdown_user_alloc_1           0x080001af   Thumb Code     0  libshutdown2.o(.ARM.Collect$$libshutdown$$0000000B)
    __rt_entry                               0x080001b1   Thumb Code     0  rtentry.o(.ARM.Collect$$rtentry$$00000000)
    __rt_entry_presh_1                       0x080001b1   Thumb Code     0  rtentry2.o(.ARM.Collect$$rtentry$$00000002)
    __rt_entry_sh                            0x080001b1   Thumb Code     0  rtentry4.o(.ARM.Collect$$rtentry$$00000004)
    __rt_entry_li                            0x080001b7   Thumb Code     0  rtentry2.o(.ARM.Collect$$rtentry$$0000000A)
    __rt_entry_postsh_1                      0x080001b7   Thumb Code     0  rtentry2.o(.ARM.Collect$$rtentry$$00000009)
    __rt_entry_main                          0x080001bb   Thumb Code     0  rtentry2.o(.ARM.Collect$$rtentry$$0000000D)
    __rt_entry_postli_1                      0x080001bb   Thumb Code     0  rtentry2.o(.ARM.Collect$$rtentry$$0000000C)
    __rt_exit                                0x080001c3   Thumb Code     0  rtexit.o(.ARM.Collect$$rtexit$$00000000)
    __rt_exit_ls                             0x080001c5   Thumb Code     0  rtexit2.o(.ARM.Collect$$rtexit$$00000003)
    __rt_exit_prels_1                        0x080001c5   Thumb Code     0  rtexit2.o(.ARM.Collect$$rtexit$$00000002)
    __rt_exit_exit                           0x080001c9   Thumb Code     0  rtexit2.o(.ARM.Collect$$rtexit$$00000004)
    NMI_Handler                              0x080001d1   Thumb Code     2  stm32f10x_it.o(.text)
    HardFault_Handler                        0x080001d3   Thumb Code     4  stm32f10x_it.o(.text)
    MemManage_Handler                        0x080001d7   Thumb Code     4  stm32f10x_it.o(.text)
    BusFault_Handler                         0x080001db   Thumb Code     4  stm32f10x_it.o(.text)
    UsageFault_Handler                       0x080001df   Thumb Code     4  stm32f10x_it.o(.text)
    DebugMon_Handler                         0x080001e3   Thumb Code     2  stm32f10x_it.o(.text)
    SVC_Handler                              0x080001e5   Thumb Code     2  stm32f10x_it.o(.text)
    PendSV_Handler                           0x080001e7   Thumb Code     2  stm32f10x_it.o(.text)
    SysTick_Handler                          0x080001e9   Thumb Code  1964  stm32f10x_it.o(.text)
    RTC_IRQHandler                           0x08000995   Thumb Code     2  stm32f10x_it.o(.text)
    EXTI15_10_IRQHandler                     0x08000997   Thumb Code    66  stm32f10x_it.o(.text)
    EXTI1_IRQHandler                         0x080009d9   Thumb Code    36  stm32f10x_it.o(.text)
    main                                     0x08000a25   Thumb Code   104  main.o(.text)
    GPIO74165Init                            0x08000a9d   Thumb Code    82  74165.o(.text)
    Delay74165                               0x08000aef   Thumb Code    12  74165.o(.text)
    ReadInput                                0x08000afb   Thumb Code   142  74165.o(.text)
    comparedata                              0x08000b89   Thumb Code    78  74165.o(.text)
    clust2sect                               0x08000d99   Thumb Code    26  ff.o(.text)
    get_fat                                  0x08000db3   Thumb Code   228  ff.o(.text)
    put_fat                                  0x08000e97   Thumb Code   310  ff.o(.text)
    f_mount                                  0x08001b47   Thumb Code    38  ff.o(.text)
    f_open                                   0x08001b6d   Thumb Code   350  ff.o(.text)
    f_read                                   0x08001ccb   Thumb Code   478  ff.o(.text)
    f_write                                  0x08001ea9   Thumb Code   524  ff.o(.text)
    f_sync                                   0x080020b5   Thumb Code   176  ff.o(.text)
    f_close                                  0x08002165   Thumb Code    22  ff.o(.text)
    f_lseek                                  0x0800217b   Thumb Code   430  ff.o(.text)
    f_opendir                                0x08002329   Thumb Code   112  ff.o(.text)
    f_readdir                                0x08002399   Thumb Code    88  ff.o(.text)
    f_stat                                   0x080023f1   Thumb Code    58  ff.o(.text)
    f_getfree                                0x0800242b   Thumb Code   260  ff.o(.text)
    f_truncate                               0x0800252f   Thumb Code   154  ff.o(.text)
    f_unlink                                 0x080025c9   Thumb Code   170  ff.o(.text)
    f_mkdir                                  0x08002673   Thumb Code   352  ff.o(.text)
    f_chmod                                  0x080027d3   Thumb Code    84  ff.o(.text)
    f_utime                                  0x08002827   Thumb Code    86  ff.o(.text)
    f_rename                                 0x0800287d   Thumb Code   276  ff.o(.text)
    delayclk                                 0x08002991   Thumb Code    12  sdcard.o(.text)
    get_fattime                              0x0800299d   Thumb Code    54  sdcard.o(.text)
    softspiinit                              0x080029d3   Thumb Code    78  sdcard.o(.text)
    SPI_SoftWrite                            0x08002a21   Thumb Code   116  sdcard.o(.text)
    receiveabyte                             0x08002a95   Thumb Code    10  sdcard.o(.text)
    wait_ready                               0x08002a9f   Thumb Code    46  sdcard.o(.text)
    transmitbytes                            0x08002acd   Thumb Code    58  sdcard.o(.text)
    receivedatablock                         0x08002b07   Thumb Code   106  sdcard.o(.text)
    trasmitdatablock                         0x08002b71   Thumb Code   120  sdcard.o(.text)
    SD_Cmd                                   0x08002be9   Thumb Code   158  sdcard.o(.text)
    disk_initialize                          0x08002c87   Thumb Code   370  sdcard.o(.text)
    disk_status                              0x08002df9   Thumb Code    14  sdcard.o(.text)
    disk_read                                0x08002e07   Thumb Code   148  sdcard.o(.text)
    disk_write                               0x08002e9b   Thumb Code   182  sdcard.o(.text)
    disk_ioctl                               0x08002f51   Thumb Code   582  sdcard.o(.text)
    SDTimer_Handler                          0x08003197   Thumb Code    38  sdcard.o(.text)
    i16_sd_open_file                         0x080031bd   Thumb Code   120  sdcard.o(.text)
    SD_cardInit                              0x08003235   Thumb Code    26  sdcard.o(.text)
    i16_sd_write_bytes                       0x0800324f   Thumb Code    52  sdcard.o(.text)
    i16_sd_close_file                        0x08003283   Thumb Code    20  sdcard.o(.text)
    i16_sd_read_bytes                        0x08003297   Thumb Code    60  sdcard.o(.text)
    sim800Init                               0x080032e9   Thumb Code   188  sim800.o(.text)
    u8_SIMCheck                              0x080033a5   Thumb Code   148  sim800.o(.text)
    Numconvert                               0x08003439   Thumb Code    22  sim800.o(.text)
    CheckCMD                                 0x0800344f   Thumb Code   290  sim800.o(.text)
    v_checkdata                              0x08003571   Thumb Code    60  sim800.o(.text)
    SIM_CMD1                                 0x080035ad   Thumb Code   196  sim800.o(.text)
    Gettime                                  0x08003671   Thumb Code    60  sim800.o(.text)
    converttime                              0x080036ad   Thumb Code    18  sim800.o(.text)
    v_MessengerConvert                       0x080036bf   Thumb Code  1232  sim800.o(.text)
    v_matchmessage                           0x08003b8f   Thumb Code   116  sim800.o(.text)
    UARTDelay                                0x08003c05   Thumb Code    16  uartsoft.o(.text)
    UART_Init                                0x08003c15   Thumb Code   144  uartsoft.o(.text)
    UART_Send                                0x08003ca5   Thumb Code   420  uartsoft.o(.text)
    UART_Read                                0x08003e49   Thumb Code    62  uartsoft.o(.text)
    UART_printf                              0x08003e87   Thumb Code    88  uartsoft.o(.text)
    GetDIR                                   0x08003ee5   Thumb Code    16  log.o(.text)
    writelog                                 0x08003ef5   Thumb Code   378  log.o(.text)
    u8_savedata                              0x0800406f   Thumb Code    58  log.o(.text)
    NVIC_PriorityGroupConfig                 0x080040bd   Thumb Code    10  misc.o(.text)
    NVIC_Init                                0x080040c7   Thumb Code   100  misc.o(.text)
    NVIC_SetVectorTable                      0x0800412b   Thumb Code    14  misc.o(.text)
    NVIC_SystemLPConfig                      0x08004139   Thumb Code    34  misc.o(.text)
    SysTick_CLKSourceConfig                  0x0800415b   Thumb Code    40  misc.o(.text)
    EXTI_DeInit                              0x08004199   Thumb Code    28  stm32f10x_exti.o(.text)
    EXTI_Init                                0x080041b5   Thumb Code   142  stm32f10x_exti.o(.text)
    EXTI_StructInit                          0x08004243   Thumb Code    16  stm32f10x_exti.o(.text)
    EXTI_GenerateSWInterrupt                 0x08004253   Thumb Code    16  stm32f10x_exti.o(.text)
    EXTI_GetFlagStatus                       0x08004263   Thumb Code    22  stm32f10x_exti.o(.text)
    EXTI_ClearFlag                           0x08004279   Thumb Code     8  stm32f10x_exti.o(.text)
    EXTI_GetITStatus                         0x08004281   Thumb Code    34  stm32f10x_exti.o(.text)
    EXTI_ClearITPendingBit                   0x080042a3   Thumb Code     8  stm32f10x_exti.o(.text)
    GPIO_DeInit                              0x080042b5   Thumb Code   172  stm32f10x_gpio.o(.text)
    GPIO_AFIODeInit                          0x08004361   Thumb Code    20  stm32f10x_gpio.o(.text)
    GPIO_Init                                0x08004375   Thumb Code   278  stm32f10x_gpio.o(.text)
    GPIO_StructInit                          0x0800448b   Thumb Code    16  stm32f10x_gpio.o(.text)
    GPIO_ReadInputDataBit                    0x0800449b   Thumb Code    18  stm32f10x_gpio.o(.text)
    GPIO_ReadInputData                       0x080044ad   Thumb Code     8  stm32f10x_gpio.o(.text)
    GPIO_ReadOutputDataBit                   0x080044b5   Thumb Code    18  stm32f10x_gpio.o(.text)
    GPIO_ReadOutputData                      0x080044c7   Thumb Code     8  stm32f10x_gpio.o(.text)
    GPIO_SetBits                             0x080044cf   Thumb Code     4  stm32f10x_gpio.o(.text)
    GPIO_ResetBits                           0x080044d3   Thumb Code     4  stm32f10x_gpio.o(.text)
    GPIO_WriteBit                            0x080044d7   Thumb Code    10  stm32f10x_gpio.o(.text)
    GPIO_Write                               0x080044e1   Thumb Code     4  stm32f10x_gpio.o(.text)
    GPIO_PinLockConfig                       0x080044e5   Thumb Code    18  stm32f10x_gpio.o(.text)
    GPIO_EventOutputConfig                   0x080044f7   Thumb Code    26  stm32f10x_gpio.o(.text)
    GPIO_EventOutputCmd                      0x08004511   Thumb Code     6  stm32f10x_gpio.o(.text)
    GPIO_PinRemapConfig                      0x08004517   Thumb Code   138  stm32f10x_gpio.o(.text)
    GPIO_EXTILineConfig                      0x080045a1   Thumb Code    66  stm32f10x_gpio.o(.text)
    GPIO_ETH_MediaInterfaceConfig            0x080045e3   Thumb Code     8  stm32f10x_gpio.o(.text)
    RCC_DeInit                               0x08004611   Thumb Code    64  stm32f10x_rcc.o(.text)
    RCC_HSEConfig                            0x08004651   Thumb Code    70  stm32f10x_rcc.o(.text)
    RCC_GetFlagStatus                        0x08004697   Thumb Code    56  stm32f10x_rcc.o(.text)
    RCC_WaitForHSEStartUp                    0x080046cf   Thumb Code    56  stm32f10x_rcc.o(.text)
    RCC_AdjustHSICalibrationValue            0x08004707   Thumb Code    20  stm32f10x_rcc.o(.text)
    RCC_HSICmd                               0x0800471b   Thumb Code     6  stm32f10x_rcc.o(.text)
    RCC_PLLConfig                            0x08004721   Thumb Code    24  stm32f10x_rcc.o(.text)
    RCC_PLLCmd                               0x08004739   Thumb Code     6  stm32f10x_rcc.o(.text)
    RCC_SYSCLKConfig                         0x0800473f   Thumb Code    18  stm32f10x_rcc.o(.text)
    RCC_GetSYSCLKSource                      0x08004751   Thumb Code    10  stm32f10x_rcc.o(.text)
    RCC_HCLKConfig                           0x0800475b   Thumb Code    18  stm32f10x_rcc.o(.text)
    RCC_PCLK1Config                          0x0800476d   Thumb Code    18  stm32f10x_rcc.o(.text)
    RCC_PCLK2Config                          0x0800477f   Thumb Code    20  stm32f10x_rcc.o(.text)
    RCC_ITConfig                             0x08004793   Thumb Code    26  stm32f10x_rcc.o(.text)
    RCC_USBCLKConfig                         0x080047ad   Thumb Code     8  stm32f10x_rcc.o(.text)
    RCC_ADCCLKConfig                         0x080047b5   Thumb Code    18  stm32f10x_rcc.o(.text)
    RCC_LSEConfig                            0x080047c7   Thumb Code    50  stm32f10x_rcc.o(.text)
    RCC_LSICmd                               0x080047f9   Thumb Code     6  stm32f10x_rcc.o(.text)
    RCC_RTCCLKConfig                         0x080047ff   Thumb Code    12  stm32f10x_rcc.o(.text)
    RCC_RTCCLKCmd                            0x0800480b   Thumb Code     8  stm32f10x_rcc.o(.text)
    RCC_GetClocksFreq                        0x08004813   Thumb Code   192  stm32f10x_rcc.o(.text)
    RCC_AHBPeriphClockCmd                    0x080048d3   Thumb Code    26  stm32f10x_rcc.o(.text)
    RCC_APB2PeriphClockCmd                   0x080048ed   Thumb Code    26  stm32f10x_rcc.o(.text)
    RCC_APB1PeriphClockCmd                   0x08004907   Thumb Code    26  stm32f10x_rcc.o(.text)
    RCC_APB2PeriphResetCmd                   0x08004921   Thumb Code    26  stm32f10x_rcc.o(.text)
    RCC_APB1PeriphResetCmd                   0x0800493b   Thumb Code    26  stm32f10x_rcc.o(.text)
    RCC_BackupResetCmd                       0x08004955   Thumb Code     8  stm32f10x_rcc.o(.text)
    RCC_ClockSecuritySystemCmd               0x0800495d   Thumb Code     6  stm32f10x_rcc.o(.text)
    RCC_MCOConfig                            0x08004963   Thumb Code     6  stm32f10x_rcc.o(.text)
    RCC_ClearFlag                            0x08004969   Thumb Code    14  stm32f10x_rcc.o(.text)
    RCC_GetITStatus                          0x08004977   Thumb Code    20  stm32f10x_rcc.o(.text)
    RCC_ClearITPendingBit                    0x0800498b   Thumb Code     6  stm32f10x_rcc.o(.text)
    Reset_Handler                            0x080049b5   Thumb Code     8  startup_stm32f10x_md.o(.text)
    ADC1_2_IRQHandler                        0x080049cf   Thumb Code     0  startup_stm32f10x_md.o(.text)
    CAN1_RX1_IRQHandler                      0x080049cf   Thumb Code     0  startup_stm32f10x_md.o(.text)
    CAN1_SCE_IRQHandler                      0x080049cf   Thumb Code     0  startup_stm32f10x_md.o(.text)
    DMA1_Channel1_IRQHandler                 0x080049cf   Thumb Code     0  startup_stm32f10x_md.o(.text)
    DMA1_Channel2_IRQHandler                 0x080049cf   Thumb Code     0  startup_stm32f10x_md.o(.text)
    DMA1_Channel3_IRQHandler                 0x080049cf   Thumb Code     0  startup_stm32f10x_md.o(.text)
    DMA1_Channel4_IRQHandler                 0x080049cf   Thumb Code     0  startup_stm32f10x_md.o(.text)
    DMA1_Channel5_IRQHandler                 0x080049cf   Thumb Code     0  startup_stm32f10x_md.o(.text)
    DMA1_Channel6_IRQHandler                 0x080049cf   Thumb Code     0  startup_stm32f10x_md.o(.text)
    DMA1_Channel7_IRQHandler                 0x080049cf   Thumb Code     0  startup_stm32f10x_md.o(.text)
    EXTI0_IRQHandler                         0x080049cf   Thumb Code     0  startup_stm32f10x_md.o(.text)
    EXTI2_IRQHandler                         0x080049cf   Thumb Code     0  startup_stm32f10x_md.o(.text)
    EXTI3_IRQHandler                         0x080049cf   Thumb Code     0  startup_stm32f10x_md.o(.text)
    EXTI4_IRQHandler                         0x080049cf   Thumb Code     0  startup_stm32f10x_md.o(.text)
    EXTI9_5_IRQHandler                       0x080049cf   Thumb Code     0  startup_stm32f10x_md.o(.text)
    FLASH_IRQHandler                         0x080049cf   Thumb Code     0  startup_stm32f10x_md.o(.text)
    I2C1_ER_IRQHandler                       0x080049cf   Thumb Code     0  startup_stm32f10x_md.o(.text)
    I2C1_EV_IRQHandler                       0x080049cf   Thumb Code     0  startup_stm32f10x_md.o(.text)
    I2C2_ER_IRQHandler                       0x080049cf   Thumb Code     0  startup_stm32f10x_md.o(.text)
    I2C2_EV_IRQHandler                       0x080049cf   Thumb Code     0  startup_stm32f10x_md.o(.text)
    PVD_IRQHandler                           0x080049cf   Thumb Code     0  startup_stm32f10x_md.o(.text)
    RCC_IRQHandler                           0x080049cf   Thumb Code     0  startup_stm32f10x_md.o(.text)
    RTCAlarm_IRQHandler                      0x080049cf   Thumb Code     0  startup_stm32f10x_md.o(.text)
    SPI1_IRQHandler                          0x080049cf   Thumb Code     0  startup_stm32f10x_md.o(.text)
    SPI2_IRQHandler                          0x080049cf   Thumb Code     0  startup_stm32f10x_md.o(.text)
    TAMPER_IRQHandler                        0x080049cf   Thumb Code     0  startup_stm32f10x_md.o(.text)
    TIM1_BRK_IRQHandler                      0x080049cf   Thumb Code     0  startup_stm32f10x_md.o(.text)
    TIM1_CC_IRQHandler                       0x080049cf   Thumb Code     0  startup_stm32f10x_md.o(.text)
    TIM1_TRG_COM_IRQHandler                  0x080049cf   Thumb Code     0  startup_stm32f10x_md.o(.text)
    TIM1_UP_IRQHandler                       0x080049cf   Thumb Code     0  startup_stm32f10x_md.o(.text)
    TIM2_IRQHandler                          0x080049cf   Thumb Code     0  startup_stm32f10x_md.o(.text)
    TIM3_IRQHandler                          0x080049cf   Thumb Code     0  startup_stm32f10x_md.o(.text)
    TIM4_IRQHandler                          0x080049cf   Thumb Code     0  startup_stm32f10x_md.o(.text)
    USART1_IRQHandler                        0x080049cf   Thumb Code     0  startup_stm32f10x_md.o(.text)
    USART2_IRQHandler                        0x080049cf   Thumb Code     0  startup_stm32f10x_md.o(.text)
    USART3_IRQHandler                        0x080049cf   Thumb Code     0  startup_stm32f10x_md.o(.text)
    USBWakeUp_IRQHandler                     0x080049cf   Thumb Code     0  startup_stm32f10x_md.o(.text)
    USB_HP_CAN1_TX_IRQHandler                0x080049cf   Thumb Code     0  startup_stm32f10x_md.o(.text)
    USB_LP_CAN1_RX0_IRQHandler               0x080049cf   Thumb Code     0  startup_stm32f10x_md.o(.text)
    WWDG_IRQHandler                          0x080049cf   Thumb Code     0  startup_stm32f10x_md.o(.text)
    __user_initial_stackheap                 0x080049d1   Thumb Code     0  startup_stm32f10x_md.o(.text)
    SystemInit                               0x08004ad3   Thumb Code    78  system_stm32f10x.o(.text)
    SystemCoreClockUpdate                    0x08004b21   Thumb Code   142  system_stm32f10x.o(.text)
    strcat                                   0x08004bd5   Thumb Code    24  strcat.o(.text)
    __aeabi_memclr4                          0x08004bed   Thumb Code     0  rt_memclr_w.o(.text)
    __aeabi_memclr8                          0x08004bed   Thumb Code     0  rt_memclr_w.o(.text)
    __rt_memclr_w                            0x08004bed   Thumb Code    78  rt_memclr_w.o(.text)
    _memset_w                                0x08004bf1   Thumb Code     0  rt_memclr_w.o(.text)
    __use_two_region_memory                  0x08004c3b   Thumb Code     2  heapauxi.o(.text)
    __rt_heap_escrow$2region                 0x08004c3d   Thumb Code     2  heapauxi.o(.text)
    __rt_heap_expand$2region                 0x08004c3f   Thumb Code     2  heapauxi.o(.text)
    __user_setup_stackheap                   0x08004c41   Thumb Code    74  sys_stackheap_outer.o(.text)
    exit                                     0x08004c8b   Thumb Code    12  exit.o(.text)
    __user_libspace                          0x08004c99   Thumb Code     8  libspace.o(.text)
    __user_perproc_libspace                  0x08004c99   Thumb Code     0  libspace.o(.text)
    __user_perthread_libspace                0x08004c99   Thumb Code     0  libspace.o(.text)
    _sys_exit                                0x08004ca1   Thumb Code     8  sys_exit.o(.text)
    __I$use$semihosting                      0x08004cad   Thumb Code     0  use_no_semi.o(.text)
    __use_no_semihosting_swi                 0x08004cad   Thumb Code     2  use_no_semi.o(.text)
    __semihosting_library_function           0x08004caf   Thumb Code     0  indicate_semi.o(.text)
    Region$$Table$$Base                      0x08004cb0   Number         0  anon$$obj.o(Region$$Table)
    Region$$Table$$Limit                     0x08004cd0   Number         0  anon$$obj.o(Region$$Table)
    datac                                    0x20000000   Data           5  stm32f10x_it.o(.data)
    timeout1                                 0x20000008   Data           4  stm32f10x_it.o(.data)
    TimePart                                 0x2000000c   Data           6  stm32f10x_it.o(.data)
    u32_timecount                            0x20000014   Data           4  stm32f10x_it.o(.data)
    c                                        0x20000018   Data           1  stm32f10x_it.o(.data)
    numcon                                   0x20000019   Data          10  stm32f10x_it.o(.data)
    Now                                      0x20000024   Data           2  stm32f10x_it.o(.data)
    count                                    0x20000028   Data         160  stm32f10x_it.o(.data)
    countrx                                  0x200000c8   Data         160  stm32f10x_it.o(.data)
    powertime                                0x20000168   Data           4  stm32f10x_it.o(.data)
    alarmtout                                0x2000016c   Data           4  stm32f10x_it.o(.data)
    TimeNow                                  0x20000170   Data           6  main.o(.data)
    datainp                                  0x20000176   Data           5  main.o(.data)
    datainn                                  0x2000017b   Data           5  main.o(.data)
    u8_rxstatus                              0x20000196   Data           1  sim800.o(.data)
    u8_count                                 0x20000197   Data           1  sim800.o(.data)
    link                                     0x20000198   Data           8  log.o(.data)
    numconver                                0x200001a0   Data          10  log.o(.data)
    SystemCoreClock                          0x200001c0   Data           4  system_stm32f10x.o(.data)
    AHBPrescTable                            0x200001c4   Data          16  system_stm32f10x.o(.data)
    k                                        0x200001d4   Data         120  stm32f10x_it.o(.bss)
    c_mess                                   0x2000024c   Data         290  stm32f10x_it.o(.bss)
    s_mess                                   0x2000036e   Data         290  stm32f10x_it.o(.bss)
    messagecmd                               0x200009bc   Data         120  sim800.o(.bss)
    __libspace_start                         0x20000a34   Data          96  libspace.o(.bss)
    __temporary_stack_top$libspace           0x20000a94   Data           0  libspace.o(.bss)



==============================================================================

Memory Map of the image

  Image Entry point : 0x080000ed

  Load Region LR_IROM1 (Base: 0x08000000, Size: 0x00004ea4, Max: 0x00010000, ABSOLUTE, COMPRESSED[0x00004d10])

    Execution Region ER_IROM1 (Base: 0x08000000, Size: 0x00004cd0, Max: 0x00010000, ABSOLUTE)

    Base Addr    Size         Type   Attr      Idx    E Section Name        Object

    0x08000000   0x000000ec   Data   RO          426    RESET               startup_stm32f10x_md.o
    0x080000ec   0x00000008   Code   RO          465  * !!!main             c_w.l(__main.o)
    0x080000f4   0x00000034   Code   RO          621    !!!scatter          c_w.l(__scatter.o)
    0x08000128   0x00000064   Code   RO          619    !!dclz77c           c_w.l(__dclz77c.o)
    0x0800018c   0x0000001c   Code   RO          623    !!handler_zi        c_w.l(__scatter_zi.o)
    0x080001a8   0x00000002   Code   RO          492    .ARM.Collect$$libinit$$00000000  c_w.l(libinit.o)
    0x080001aa   0x00000000   Code   RO          499    .ARM.Collect$$libinit$$00000002  c_w.l(libinit2.o)
    0x080001aa   0x00000000   Code   RO          502    .ARM.Collect$$libinit$$00000008  c_w.l(libinit2.o)
    0x080001aa   0x00000000   Code   RO          504    .ARM.Collect$$libinit$$0000000A  c_w.l(libinit2.o)
    0x080001aa   0x00000000   Code   RO          506    .ARM.Collect$$libinit$$0000000C  c_w.l(libinit2.o)
    0x080001aa   0x00000000   Code   RO          509    .ARM.Collect$$libinit$$0000000F  c_w.l(libinit2.o)
    0x080001aa   0x00000000   Code   RO          511    .ARM.Collect$$libinit$$00000011  c_w.l(libinit2.o)
    0x080001aa   0x00000000   Code   RO          513    .ARM.Collect$$libinit$$00000013  c_w.l(libinit2.o)
    0x080001aa   0x00000000   Code   RO          515    .ARM.Collect$$libinit$$00000015  c_w.l(libinit2.o)
    0x080001aa   0x00000000   Code   RO          517    .ARM.Collect$$libinit$$00000017  c_w.l(libinit2.o)
    0x080001aa   0x00000000   Code   RO          519    .ARM.Collect$$libinit$$00000019  c_w.l(libinit2.o)
    0x080001aa   0x00000000   Code   RO          521    .ARM.Collect$$libinit$$0000001B  c_w.l(libinit2.o)
    0x080001aa   0x00000000   Code   RO          523    .ARM.Collect$$libinit$$0000001D  c_w.l(libinit2.o)
    0x080001aa   0x00000000   Code   RO          525    .ARM.Collect$$libinit$$0000001F  c_w.l(libinit2.o)
    0x080001aa   0x00000000   Code   RO          527    .ARM.Collect$$libinit$$00000021  c_w.l(libinit2.o)
    0x080001aa   0x00000000   Code   RO          529    .ARM.Collect$$libinit$$00000023  c_w.l(libinit2.o)
    0x080001aa   0x00000000   Code   RO          533    .ARM.Collect$$libinit$$0000002A  c_w.l(libinit2.o)
    0x080001aa   0x00000000   Code   RO          535    .ARM.Collect$$libinit$$0000002C  c_w.l(libinit2.o)
    0x080001aa   0x00000000   Code   RO          537    .ARM.Collect$$libinit$$0000002E  c_w.l(libinit2.o)
    0x080001aa   0x00000000   Code   RO          539    .ARM.Collect$$libinit$$00000030  c_w.l(libinit2.o)
    0x080001aa   0x00000002   Code   RO          540    .ARM.Collect$$libinit$$00000031  c_w.l(libinit2.o)
    0x080001ac   0x00000002   Code   RO          560    .ARM.Collect$$libshutdown$$00000000  c_w.l(libshutdown.o)
    0x080001ae   0x00000000   Code   RO          574    .ARM.Collect$$libshutdown$$00000003  c_w.l(libshutdown2.o)
    0x080001ae   0x00000000   Code   RO          577    .ARM.Collect$$libshutdown$$00000006  c_w.l(libshutdown2.o)
    0x080001ae   0x00000000   Code   RO          580    .ARM.Collect$$libshutdown$$00000009  c_w.l(libshutdown2.o)
    0x080001ae   0x00000000   Code   RO          582    .ARM.Collect$$libshutdown$$0000000B  c_w.l(libshutdown2.o)
    0x080001ae   0x00000000   Code   RO          585    .ARM.Collect$$libshutdown$$0000000E  c_w.l(libshutdown2.o)
    0x080001ae   0x00000002   Code   RO          586    .ARM.Collect$$libshutdown$$0000000F  c_w.l(libshutdown2.o)
    0x080001b0   0x00000000   Code   RO          467    .ARM.Collect$$rtentry$$00000000  c_w.l(rtentry.o)
    0x080001b0   0x00000000   Code   RO          469    .ARM.Collect$$rtentry$$00000002  c_w.l(rtentry2.o)
    0x080001b0   0x00000006   Code   RO          481    .ARM.Collect$$rtentry$$00000004  c_w.l(rtentry4.o)
    0x080001b6   0x00000000   Code   RO          471    .ARM.Collect$$rtentry$$00000009  c_w.l(rtentry2.o)
    0x080001b6   0x00000004   Code   RO          472    .ARM.Collect$$rtentry$$0000000A  c_w.l(rtentry2.o)
    0x080001ba   0x00000000   Code   RO          474    .ARM.Collect$$rtentry$$0000000C  c_w.l(rtentry2.o)
    0x080001ba   0x00000008   Code   RO          475    .ARM.Collect$$rtentry$$0000000D  c_w.l(rtentry2.o)
    0x080001c2   0x00000002   Code   RO          496    .ARM.Collect$$rtexit$$00000000  c_w.l(rtexit.o)
    0x080001c4   0x00000000   Code   RO          542    .ARM.Collect$$rtexit$$00000002  c_w.l(rtexit2.o)
    0x080001c4   0x00000004   Code   RO          543    .ARM.Collect$$rtexit$$00000003  c_w.l(rtexit2.o)
    0x080001c8   0x00000006   Code   RO          544    .ARM.Collect$$rtexit$$00000004  c_w.l(rtexit2.o)
    0x080001ce   0x00000002   PAD
    0x080001d0   0x00000854   Code   RO            3    .text               stm32f10x_it.o
    0x08000a24   0x00000078   Code   RO          114    .text               main.o
    0x08000a9c   0x00000148   Code   RO          141    .text               74165.o
    0x08000be4   0x00001dac   Code   RO          188    .text               ff.o
    0x08002990   0x00000958   Code   RO          216    .text               sdcard.o
    0x080032e8   0x0000091a   Code   RO          242    .text               sim800.o
    0x08003c02   0x00000002   PAD
    0x08003c04   0x000002e0   Code   RO          276    .text               uartsoft.o
    0x08003ee4   0x000001d8   Code   RO          317    .text               log.o
    0x080040bc   0x000000dc   Code   RO          344    .text               misc.o
    0x08004198   0x0000011c   Code   RO          364    .text               stm32f10x_exti.o
    0x080042b4   0x0000035c   Code   RO          384    .text               stm32f10x_gpio.o
    0x08004610   0x000003a4   Code   RO          404    .text               stm32f10x_rcc.o
    0x080049b4   0x00000040   Code   RO          427    .text               startup_stm32f10x_md.o
    0x080049f4   0x000001e0   Code   RO          433    .text               system_stm32f10x.o
    0x08004bd4   0x00000018   Code   RO          459    .text               c_w.l(strcat.o)
    0x08004bec   0x0000004e   Code   RO          461    .text               c_w.l(rt_memclr_w.o)
    0x08004c3a   0x00000006   Code   RO          463    .text               c_w.l(heapauxi.o)
    0x08004c40   0x0000004a   Code   RO          483    .text               c_w.l(sys_stackheap_outer.o)
    0x08004c8a   0x0000000c   Code   RO          485    .text               c_w.l(exit.o)
    0x08004c96   0x00000002   PAD
    0x08004c98   0x00000008   Code   RO          493    .text               c_w.l(libspace.o)
    0x08004ca0   0x0000000c   Code   RO          552    .text               c_w.l(sys_exit.o)
    0x08004cac   0x00000002   Code   RO          563    .text               c_w.l(use_no_semi.o)
    0x08004cae   0x00000000   Code   RO          565    .text               c_w.l(indicate_semi.o)
    0x08004cae   0x00000002   PAD
    0x08004cb0   0x00000020   Data   RO          617    Region$$Table       anon$$obj.o


    Execution Region RW_IRAM1 (Base: 0x20000000, Size: 0x00001098, Max: 0x00005000, ABSOLUTE, COMPRESSED[0x00000040])

    Base Addr    Size         Type   Attr      Idx    E Section Name        Object

    0x20000000   0x00000170   Data   RW            5    .data               stm32f10x_it.o
    0x20000170   0x00000010   Data   RW          115    .data               main.o
    0x20000180   0x00000006   Data   RW          189    .data               ff.o
    0x20000186   0x00000002   PAD
    0x20000188   0x0000000d   Data   RW          218    .data               sdcard.o
    0x20000195   0x00000003   Data   RW          244    .data               sim800.o
    0x20000198   0x00000012   Data   RW          318    .data               log.o
    0x200001aa   0x00000014   Data   RW          405    .data               stm32f10x_rcc.o
    0x200001be   0x00000002   PAD
    0x200001c0   0x00000014   Data   RW          434    .data               system_stm32f10x.o
    0x200001d4   0x000002bc   Zero   RW            4    .bss                stm32f10x_it.o
    0x20000490   0x0000052c   Zero   RW          217    .bss                sdcard.o
    0x200009bc   0x00000078   Zero   RW          243    .bss                sim800.o
    0x20000a34   0x00000060   Zero   RW          494    .bss                c_w.l(libspace.o)
    0x20000a94   0x00000004   PAD
    0x20000a98   0x00000200   Zero   RW          425    HEAP                startup_stm32f10x_md.o
    0x20000c98   0x00000400   Zero   RW          424    STACK               startup_stm32f10x_md.o


==============================================================================

Image component sizes


      Code (inc. data)   RO Data    RW Data    ZI Data      Debug   Object Name

       328         14          0          0          0       1517   74165.o
      7596         42          0          6          0      25156   ff.o
       472         20          0         18          0       1553   log.o
       120         16          0         16          0      23468   main.o
       220         22          0          0          0       1925   misc.o
      2392         68          0         13       1324       8516   sdcard.o
      2330        136          0          3        120       5448   sim800.o
        64         26        236          0       1536        792   startup_stm32f10x_md.o
       284         10          0          0          0       2359   stm32f10x_exti.o
       860         38          0          0          0       5773   stm32f10x_gpio.o
      2132        100          0        368        700     232164   stm32f10x_it.o
       932         36          0         20          0       8928   stm32f10x_rcc.o
       480         38          0         20          0       1803   system_stm32f10x.o
       736          6          0          0          0       2102   uartsoft.o

    ----------------------------------------------------------------------
     18948        572        268        468       3680     321504   Object Totals
         0          0         32          0          0          0   (incl. Generated)
         2          0          0          4          0          0   (incl. Padding)

    ----------------------------------------------------------------------

      Code (inc. data)   RO Data    RW Data    ZI Data      Debug   Library Member Name

       100          0          0          0          0          0   __dclz77c.o
         8          0          0          0          0         68   __main.o
        52          8          0          0          0          0   __scatter.o
        28          0          0          0          0          0   __scatter_zi.o
        12          0          0          0          0         72   exit.o
         6          0          0          0          0        152   heapauxi.o
         0          0          0          0          0          0   indicate_semi.o
         2          0          0          0          0          0   libinit.o
         2          0          0          0          0          0   libinit2.o
         2          0          0          0          0          0   libshutdown.o
         2          0          0          0          0          0   libshutdown2.o
         8          4          0          0         96         68   libspace.o
        78          0          0          0          0         80   rt_memclr_w.o
         0          0          0          0          0          0   rtentry.o
        12          0          0          0          0          0   rtentry2.o
         6          0          0          0          0          0   rtentry4.o
         2          0          0          0          0          0   rtexit.o
        10          0          0          0          0          0   rtexit2.o
        24          0          0          0          0         68   strcat.o
        12          4          0          0          0         68   sys_exit.o
        74          0          0          0          0         80   sys_stackheap_outer.o
         2          0          0          0          0         68   use_no_semi.o

    ----------------------------------------------------------------------
       448         16          0          0        100        724   Library Totals
         6          0          0          0          4          0   (incl. Padding)

    ----------------------------------------------------------------------

      Code (inc. data)   RO Data    RW Data    ZI Data      Debug   Library Name

       442         16          0          0         96        724   c_w.l

    ----------------------------------------------------------------------
       448         16          0          0        100        724   Library Totals

    ----------------------------------------------------------------------

==============================================================================


      Code (inc. data)   RO Data    RW Data    ZI Data      Debug   

     19396        588        268        468       3780     320820   Grand Totals
     19396        588        268         64       3780     320820   ELF Image Totals (compressed)
     19396        588        268         64          0          0   ROM Totals

==============================================================================

    Total RO  Size (Code + RO Data)                19664 (  19.20kB)
    Total RW  Size (RW Data + ZI Data)              4248 (   4.15kB)
    Total ROM Size (Code + RO Data + RW Data)      19728 (  19.27kB)

==============================================================================

